// Vitest Snapshot v1, https://vitest.dev/guide/snapshot.html

exports[`Public API surface > advanced export keys match snapshot 1`] = `
[
  "AddColumnButton",
  "AutoSave",
  "BaseVisualization",
  "CellRenderer",
  "CodeMirrorExpressionEditor",
  "ColumnHeader",
  "ColumnReorder",
  "CrossfilterCoordinator",
  "DUCKDB_FUNCTIONS",
  "DateHistogram",
  "DefaultExpressionEditor",
  "DerivedColumnEditPanel",
  "DerivedColumnManager",
  "DerivedColumnModal",
  "EventEmitter",
  "ExportDialog",
  "FilterBar",
  "FilterChip",
  "FilterPanel",
  "FilterPanelField",
  "FilterPresetPanel",
  "HiddenColumnsGutter",
  "Histogram",
  "InteractionManager",
  "IntervalHistogram",
  "KeyboardNavigator",
  "SNAPSHOT_VERSION",
  "SQLFilterModal",
  "StateActions",
  "TableBody",
  "TableContainer",
  "TimeHistogram",
  "UndoManager",
  "ValueCounts",
  "VirtualScroller",
  "VisualizationFactory",
  "applySnapshot",
  "captureSnapshot",
  "copyRowsToClipboard",
  "copyToClipboard",
  "createTableState",
  "derivedColumnsEqual",
  "exportFromState",
  "exportJSONFromState",
  "exportParquetFromState",
  "exportToCSV",
  "exportToJSON",
  "exportToParquet",
  "fetchIntervalStats",
  "formatCount",
  "formatDefaultStats",
  "formatStatValue",
  "initializeColumnsFromSchema",
  "isCategoricalType",
  "isDateType",
  "isIntervalType",
  "isNumericType",
  "isPooledVectorRef",
  "isTimeType",
  "needsVisualization",
  "resetTableState",
  "statsKindForDataType",
]
`;

exports[`Public API surface > root export keys match snapshot 1`] = `
[
  "ConfigurationError",
  "DataTableError",
  "DerivedColumnError",
  "DestroyedError",
  "ExportError",
  "FilterPresetManager",
  "LoadError",
  "PersistenceError",
  "QueryError",
  "SQLValidationError",
  "SessionStore",
  "VERSION",
  "VisualizationRegistry",
  "WorkerBridge",
  "WorkerInitError",
  "WorkerTerminatedError",
  "checkBrowserSupport",
  "createDataTable",
  "defaultStrings",
  "defaultVisualizationRegistry",
  "deserializeFilter",
  "formatSQLValue",
  "isStylesheetLoaded",
  "mergeStrings",
  "quoteIdentifier",
  "serializeFilter",
]
`;
